#-----------------------------------------------------------
# Vivado v2018.1 (64-bit)
# SW Build 2188600 on Wed Apr  4 18:39:19 MDT 2018
# IP Build 2185939 on Wed Apr  4 20:55:05 MDT 2018
# Start of session at: Thu Apr 19 13:33:53 2018
# Process ID: 12793
# Current directory: /home/chiwei/work/checkout/kcu116/kcu116_ibert/work/ibert_bank_all/ibert_bank_all_ex
# Command line: vivado ibert_bank_all_ex.xpr
# Log file: /home/chiwei/work/checkout/kcu116/kcu116_ibert/work/ibert_bank_all/ibert_bank_all_ex/vivado.log
# Journal file: /home/chiwei/work/checkout/kcu116/kcu116_ibert/work/ibert_bank_all/ibert_bank_all_ex/vivado.jou
#-----------------------------------------------------------
start_gui
open_project ibert_bank_all_ex.xpr
update_compile_order -fileset sources_1
open_hw
connect_hw_server
open_hw_target
set_property PROGRAM.FILE {/home/chiwei/work/checkout/kcu116/kcu116_ibert/work/ibert_bank_all/ibert_bank_all_ex/ibert_bank_all_ex.runs/impl_1/example_ibert_bank_all.bit} [get_hw_devices xcku5p_0]
set_property PROBES.FILE {/home/chiwei/work/checkout/kcu116/kcu116_ibert/work/ibert_bank_all/ibert_bank_all_ex/ibert_bank_all_ex.runs/impl_1/example_ibert_bank_all.ltx} [get_hw_devices xcku5p_0]
set_property FULL_PROBES.FILE {/home/chiwei/work/checkout/kcu116/kcu116_ibert/work/ibert_bank_all/ibert_bank_all_ex/ibert_bank_all_ex.runs/impl_1/example_ibert_bank_all.ltx} [get_hw_devices xcku5p_0]
current_hw_device [get_hw_devices xcku5p_0]
refresh_hw_device [lindex [get_hw_devices xcku5p_0] 0]
set_property PROBES.FILE {/home/chiwei/work/checkout/kcu116/kcu116_ibert/work/ibert_bank_all/ibert_bank_all_ex/ibert_bank_all_ex.runs/impl_1/example_ibert_bank_all.ltx} [get_hw_devices xcku5p_0]
set_property FULL_PROBES.FILE {/home/chiwei/work/checkout/kcu116/kcu116_ibert/work/ibert_bank_all/ibert_bank_all_ex/ibert_bank_all_ex.runs/impl_1/example_ibert_bank_all.ltx} [get_hw_devices xcku5p_0]
set_property PROGRAM.FILE {/home/chiwei/work/checkout/kcu116/kcu116_ibert/work/ibert_bank_all/ibert_bank_all_ex/ibert_bank_all_ex.runs/impl_1/example_ibert_bank_all.bit} [get_hw_devices xcku5p_0]
program_hw_devices [get_hw_devices xcku5p_0]
close_hw_target
connect_hw_server
close_hw
open_hw
connect_hw_server
connect_hw_server
close_hw
open_hw
connect_hw_server
disconnect_hw_server
connect_hw_server
connect_hw_server -url localhost:3121
close_project
